aided 1 23.0
all 1 27.0
four 1 30.0
contributions 1 16.0
shattered 1 18.0
father 1 21.0
young 1 20.0
opportunities 2 28.0
charge 1 24.0
those 1 21.0
th 1 20.0
sinking 1 22.0
standards 1 21.0
vase 14 20.5
puzzles 1 39.0
reconstructions 3 20.3333333333
join 1 21.0
drinking 2 15.0
continued 1 24.0
entire 1 15.0
school 2 20.0
prize 3 26.3333333333
restorations 2 20.5
did 2 29.0
positions 1 16.0
joined 1 17.0
cameo 1 18.0
herbert 1 31.0
verdict 1 13.0
team 2 22.0
moulding 1 12.0
programme 2 23.0
fearing 1 35.0
consistent 1 42.0
excelled 1 3.0
past 1 27.0
likely 1 33.0
design 1 23.0
christ 1 33.0
wreck 3 22.0
minuscule 1 17.0
assisted 1 30.0
contributed 1 21.0
while 2 27.5
reconstruction 3 14.6666666667
new 1 10.0
public 1 27.0
full 1 18.0
honour 1 16.0
wrapping 1 25.0
understanding 1 27.0
met 2 6.0
objects 6 24.6666666667
alone 1 30.0
november 1 10.0
yellowed 1 20.0
box 1 39.0
great 2 33.0
talent 1 23.0
institute 4 26.0
my 1 3.0
study 3 23.6666666667
leaving 1 25.0
resulting 1 30.0
published 2 16.0
placing 1 35.0
studies 1 18.0
tasks 1 33.0
schooling 1 23.0
archaeological 3 30.3333333333
unit 1 12.0
from 10 22.5
working 4 21.75
century 1 23.0
two 1 2.0
next 2 28.5
few 2 26.0
noting 1 42.0
memory 1 21.0
taken 2 19.0
hinton 1 33.0
panel 1 39.0
until 2 21.0
today 1 42.0
more 4 19.75
sort 1 39.0
maplewood 2 15.0
relax 1 39.0
successful 1 11.0
apparent 1 24.0
site 1 26.0
glass 9 20.8888888889
known 2 24.5
ok 1 13.0
intemperance 1 20.0
appointed 1 12.0
high 3 28.6666666667
rook 1 15.0
word 1 30.0
this 3 19.3333333333
science 1 27.0
mitford 4 19.5
work 13 21.4615384615
nine 1 17.0
following 3 13.6666666667
salvage 1 21.0
history 1 12.0
heart 2 12.0
kenneth 1 16.0
process 2 12.0
pieces 8 23.0
reconstructed 1 13.0
unveiled 1 10.0
pieced 1 27.0
sir 1 22.0
end 2 17.5
sit 1 25.0
rather 1 17.0
hoo 8 20.625
six 1 35.0
lyre 1 21.0
conserve 1 42.0
nyl 1 21.0
tile 1 33.0
beach 1 26.0
profile 2 32.5
fever 1 23.0
after 4 16.0
rupert 2 28.5
lay 1 22.0
vases 6 20.6666666667
such 1 42.0
coloured 1 13.0
lifting 1 33.0
man 1 20.0
chiefly 1 17.0
third 1 20.0
interrupted 1 23.0
st 1 33.0
greek 3 20.6666666667
chief 2 21.0
responsibility 1 23.0
allow 1 19.0
crafts 1 23.0
sa 1 26.0
archaeology 3 19.0
remnants 2 21.0
shield 2 15.0
over 1 23.0
years 2 20.0
course 1 25.0
paper 2 23.0
including 2 20.5
instinctive 1 23.0
horns 2 15.0
its 1 24.0
before 2 25.0
adhesive 2 20.5
group 2 18.5
fit 1 35.0
termed 1 31.0
highlights 1 42.0
weeks 1 17.0
might 1 35.0
into 1 8.0
colleague 2 17.0
then 3 16.0
them 3 18.6666666667
piecing 1 18.0
practice 1 42.0
break 1 26.0
hamilton 1 22.0
preservation 1 27.0
they 2 28.0
half 1 17.0
not 3 22.3333333333
day 1 42.0
nor 1 16.0
above 1 27.0
university 1 25.0
identified 1 19.0
filling 1 13.0
trap 1 35.0
found 3 25.0
went 1 23.0
burial 2 22.0
conservators 1 42.0
england 2 19.5
revised 1 21.0
year 6 18.6666666667
portland 7 23.7142857143
myrtle 1 18.0
es 1 26.0
out 1 25.0
shown 1 23.0
recognising 2 29.0
cameras 1 30.0
re 3 22.6666666667
rare 1 42.0
achievements 1 27.0
perfectly 1 17.0
porcelain 1 21.0
masterpiece 1 18.0
collection 1 22.0
put 3 28.6666666667
earliest 1 33.0
beginning 1 18.0
afterward 1 3.0
organic 1 28.0
days 1 25.0
british 10 20.2
w 1 1.0
removing 1 21.0
first 3 14.6666666667
major 1 14.0
jigsaw 1 39.0
nigel 5 13.8
omitted 1 17.0
oversaw 1 39.0
one 4 27.25
reached 1 24.0
fibreglass 1 9.0
given 1 23.0
top 1 17.0
reuben 1 15.0
their 3 26.3333333333
attack 2 12.0
twenties 1 30.0
tell 1 26.0
john 1 12.0
final 1 17.0
williams 36 20.6388888889
that 4 27.0
completed 1 30.0
took 3 19.0
appreciation 1 27.0
part 3 22.3333333333
jordan 2 21.0
injected 1 25.0
kept 1 39.0
july 2 11.5
copy 1 39.0
than 4 19.75
ceramics 7 19.4285714286
wide 1 12.0
colleagues 1 31.0
b 1 7.0
recruited 1 17.0
slowed 1 23.0
reconstructing 2 19.0
r 2 16.0
were 7 18.5714285714
wedgwood 1 39.0
posthumously 1 11.0
acclaim 1 10.0
remained 1 17.0
alongside 1 20.0
turned 1 8.0
have 2 27.0
saw 2 25.0
any 1 39.0
lid 1 39.0
skillful 1 33.0
studying 1 12.0
mid 1 30.0
also 2 30.0
fitting 2 37.0
materials 1 28.0
take 1 35.0
which 5 27.0
so 1 35.0
though 1 27.0
bruce 4 19.5
who 4 27.0
healthy 1 42.0
most 7 25.2857142857
significant 2 17.0
sandra 2 29.5
televised 2 12.0
acquired 1 21.0
achievement 2 19.5
sutton 8 20.625
chronicle 1 30.0
later 1 23.0
metal 1 23.0
order 1 35.0
professional 3 26.0
came 4 20.5
joining 2 13.5
surrey 1 8.0
impression 1 12.0
restore 1 42.0
text 1 21.0
reassembled 1 9.0
drawings 1 23.0
earth 1 33.0
find 1 13.0
decade 1 23.0
blotting 1 25.0
gilded 1 39.0
much 1 42.0
winner 1 39.0
abiding 2 21.0
only 2 21.0
wood 1 28.0
employed 1 21.0
partially 1 30.0
personality 2 15.5
photographs 1 16.0
do 1 17.0
his 22 20.7272727273
unplaced 1 17.0
assistant 3 17.3333333333
de 1 31.0
television 2 15.5
famous 3 24.0
cracks 1 13.0
nearly 3 20.3333333333
conservator 5 19.0
during 2 15.0
conjunction 2 20.5
him 3 16.0
held 1 27.0
colossus 3 22.3333333333
she 2 21.0
prevents 1 35.0
london 1 25.0
where 5 22.2
wrote 2 21.5
set 2 19.5
art 1 27.0
excavation 6 21.0
eighteenth 1 23.0
relative 1 16.0
edition 1 21.0
individual 1 19.0
college 1 25.0
are 1 42.0
capacity 1 17.0
expert 1 15.0
record 1 27.0
rheumatic 1 23.0
enough 1 19.0
various 1 28.0
between 1 27.0
probably 1 18.0
discovery 2 26.0
recently 1 26.0
missing 1 39.0
buckets 1 17.0
aqaba 2 21.0
awards 3 26.3333333333
hxtal 1 21.0
both 1 21.0
c 1 1.0
last 1 35.0
career 3 24.3333333333
many 4 29.0
taking 1 26.0
called 1 35.0
april 2 11.5
roman 2 25.5
became 3 22.6666666667
dated 1 7.0
contribution 1 27.0
whole 1 20.0
finds 4 22.5
authoring 1 21.0
among 2 25.0
co 1 21.0
headed 1 39.0
smith 3 31.3333333333
ce 1 31.0
unearthed 1 21.0
arts 1 23.0
dyslexia 1 23.0
second 3 22.6666666667
desiccator 1 25.0
bbc 2 14.0
three 3 29.6666666667
been 3 22.6666666667
recognised 1 23.0
judging 1 39.0
pi 1 31.0
mary 1 33.0
life 5 18.2
lived 1 18.0
hms 3 22.3333333333
dramatic 1 42.0
watches 1 28.0
daughter 2 14.0
worked 4 21.25
spirit 1 42.0
painter 2 21.5
these 2 22.0
as 11 25.1818181818
value 1 42.0
precursor 1 17.0
depictions 1 33.0
promoted 1 27.0
indulging 1 20.0
seven 1 20.0
crowning 2 19.5
is 3 21.3333333333
thus 1 39.0
it 9 21.7777777778
encouragement 2 31.5
helped 1 12.0
eighteen 1 18.0
partner 1 18.0
situ 1 16.0
if 1 30.0
helmet 6 20.5
bottles 2 15.0
occupied 1 30.0
began 1 12.0
s 14 22.4285714286
same 1 12.0
member 2 32.0
fragment 1 35.0
tischbein 1 23.0
sistance 1 31.0
several 1 24.0
doubleday 1 12.0
week 1 20.0
used 2 20.5
moment 1 30.0
arrived 1 26.0
cleaning 1 21.0
along 1 39.0
resin 2 17.0
mosaic 1 33.0
task 1 39.0
shortly 1 3.0
variety 1 12.0
spent 3 16.6666666667
thought 1 33.0
without 1 39.0
comes 1 39.0
english 1 15.0
position 1 27.0
left 2 25.5
summer 2 10.5
endeavour 1 23.0
being 1 21.0
generally 1 19.0
rest 1 16.0
clocks 1 28.0
kiln 1 33.0
yet 3 24.6666666667
previous 1 17.0
letting 1 25.0
death 4 22.5
regarded 1 18.0
remember 1 30.0
had 7 20.8571428571
recommended 1 17.0
collections 1 27.0
exhibition 1 20.0
remaining 1 19.0
gave 2 13.5
around 1 7.0
ample 1 14.0
early 4 25.75
department 1 17.0
matty 1 10.0
ultimately 1 19.0
world 2 20.5
unfounded 1 17.0
apart 2 32.5
success 1 14.0
admitted 1 20.0
epoxy 1 21.0
become 1 23.0
reduced 1 39.0
therein 1 30.0
old 1 21.0
classical 1 20.0
people 2 26.5
some 1 21.0
back 1 23.0
competition 1 42.0
born 2 9.0
silversmithing 1 23.0
examples 1 19.0
cellist 1 18.0
outs 1 35.0
for 16 23.125
avoid 1 35.0
recorded 2 11.5
filming 1 12.0
passion 2 21.0
fragments 8 19.375
tubs 1 17.0
christmas 2 19.0
restoring 1 20.0
be 1 33.0
object 1 18.0
medieval 2 25.0
june 1 12.0
journal 1 18.0
iconic 1 31.0
notably 1 30.0
although 2 27.0
by 12 22.0
rearranging 1 18.0
on 15 18.4
stone 1 28.0
central 1 23.0
would 1 17.0
anything 1 28.0
months 3 23.3333333333
shards 1 35.0
recognized 1 25.0
fell 1 30.0
biennial 2 18.5
or 4 18.75
repair 1 21.0
artefact 1 31.0
letter 1 30.0
previously 1 31.0
puzzle 1 39.0
profession 3 23.0
donated 1 39.0
her 1 21.0
styrene 1 16.0
museum 14 21.0
there 2 7.0
amidst 1 18.0
awarded 1 39.0
idiyeh 1 26.0
conservation 7 21.1428571429
was 24 18.875
allergic 1 16.0
ivory 1 28.0
complete 2 17.5
attempted 1 35.0
tasked 2 22.0
with 18 21.2222222222
he 19 21.0526315789
made 3 19.6666666667
dangerous 1 16.0
inside 1 25.0
j 1 12.0
ruined 1 3.0
placed 1 20.0
solvents 1 25.0
smashed 2 18.5
display 1 20.0
proved 3 29.6666666667
likewise 2 17.0
universal 1 10.0
metals 1 28.0
an 6 18.5
conserved 3 25.0
replica 2 24.0
ship 3 18.6666666667
operation 1 21.0
again 2 14.0
weakened 1 20.0
no 1 16.0
deconstructed 1 25.0
when 3 24.6666666667
virtual 1 39.0
uttered 1 30.0
field 3 18.3333333333
other 4 23.25
warehouse 1 9.0
acrylic 1 21.0
axtell 1 1.0
conclusion 1 24.0
picture 1 39.0
congress 1 20.0
problems 1 24.0
antiquities 2 14.5
william 1 22.0
restoration 5 16.2
additionally 1 21.0
included 1 11.0
died 2 12.0
maryon 1 31.0
casts 1 9.0
age 4 15.5
fears 1 17.0
together 3 22.6666666667
intentionally 1 20.0
image 1 39.0
time 5 22.8
international 1 20.0
original 2 27.5
restored 4 25.5
